Going to start with configuration Configuration: name: \n=========== Running RDR Proxy============\n mempool size: 2047 core cache: 32 primary core: 1
 Ports:
	Port 0000:01:00.0 RXQ_Count: 1 RX_Queues: [ 2 ] TXQ_Count: 1 TX_Queues: 2 RXD: 128 TXD: 128 Loopback false
	Port 0000:01:00.1 RXQ_Count: 1 RX_Queues: [ 3 ] TXQ_Count: 1 TX_Queues: 3 RXD: 128 TXD: 128 Loopback false
Cores:
	2
	3
	4
	5
	6
	7
	8
	9
	10
	11

EAL: Probing VFIO support...
Running on node 0
Devname: "0000:01:00.0"
EAL: PCI device 0000:01:00.0 on NUMA socket -1
EAL:   Invalid NUMA socket, default to 0
EAL:   probe driver: 8086:1583 net_i40e
Going to try and use port 0
Devname: "0000:01:00.1"
EAL: PCI device 0000:01:00.1 on NUMA socket -1
EAL:   Invalid NUMA socket, default to 0
EAL:   probe driver: 8086:1583 net_i40e
Going to try and use port 1
EAL: pthread_setaffinity_np failed
Running on node 0
Running on node 0
EAL: pthread_setaffinity_np failed
Running on node 0
Running on node 0
EAL: pthread_setaffinity_np failed
Running on node 0
EAL: pthread_setaffinity_np failed
Running on node 0
EAL: pthread_setaffinity_np failed
Running on node 0
Running on node 0
EAL: pthread_setaffinity_np failed
Running on node 0
Sending started
Sending started
Sending started
Running on node 0
Sending started
Sending started
Sending started
Sending started
Sending started
Sending started
Sending started
