Going to start with configuration Configuration: name: \n=========== Running P2P ============\n mempool size: 2047 core cache: 32 primary core: 1
 Ports:
	Port 0000:01:00.0 RXQ_Count: 1 RX_Queues: [ 4 ] TXQ_Count: 1 TX_Queues: 4 RXD: 128 TXD: 128 Loopback false
	Port 0000:01:00.1 RXQ_Count: 1 RX_Queues: [ 5 ] TXQ_Count: 1 TX_Queues: 5 RXD: 128 TXD: 128 Loopback false
Cores:
	4
	5

EAL: Probing VFIO support...
Running on node 0
Devname: "0000:01:00.0"
EAL: PCI device 0000:01:00.0 on NUMA socket -1
EAL:   Invalid NUMA socket, default to 0
EAL:   probe driver: 8086:1583 net_i40e
Going to try and use port 0
Devname: "0000:01:00.1"
EAL: PCI device 0000:01:00.1 on NUMA socket -1
EAL:   Invalid NUMA socket, default to 0
EAL:   probe driver: 8086:1583 net_i40e
Going to try and use port 1
Running on node 0
Receiving port f8:f2:1e:2e:9c:50 rxq 0 txq 0
Running on node 0
Receiving port f8:f2:1e:2e:9c:51 rxq 0 txq 0
Running 1 pipelines
Starting scheduler on 4
Running 1 pipelines
Starting scheduler on 5
0 OVERALL RX 0.00 TX 0.00 CYCLE_PER_DELAY 0 0 0
torrent is : "CentOS-8-ppc64le-1905-boot.torrent"
torrent is : "CentOS-8-aarch64-1905-dvd1.torrent"
torrent is : "CentOS-8-aarch64-1905-boot.torrent"
torrent is : "CentOS-7-x86_64-NetInstall-1908.torrent"
torrent is : "CentOS-7-x86_64-Minimal-1908.torrent"
torrent is : "CentOS-7-x86_64-LiveKDE-1908.torrent"
torrent is : "CentOS-7-x86_64-LiveGNOME-1908.torrent"
torrent is : "CentOS-7-x86_64-Everything-1908.torrent"
torrent is : "CentOS-7-x86_64-DVD-1908.torrent"
torrent is : "CentOS-6.10-x86_64-netinstall.torrent"
torrent is : "CentOS-6.10-x86_64-minimal.torrent"
torrent is : "CentOS-6.10-x86_64-LiveDVD.torrent"
torrent is : "CentOS-6.10-x86_64-bin-DVD1to2.torrent"
torrent is : "CentOS-6.10-i386-netinstall.torrent"
torrent is : "CentOS-6.10-i386-minimal.torrent"
torrent is : "CentOS-6.10-i386-LiveDVD.torrent"
torrent is : "CentOS-6.10-i386-bin-DVD1to2.torrent"
torrent is : "blackbuntu-1.0.1-20191001-gnome-amd64.iso.torrent"
torrent is : "arcolinux-v19.10.1.iso.torrent"
torrent is : "4MLinux-30.1-32bit.iso.torrent"
30.01 OVERALL RX 5.33 TX 2.13
30.01 OVERALL RX 6.40 TX 3.20
30.01 OVERALL RX 6.40 TX 3.20
30.01 OVERALL RX 4.27 TX 2.13
pkt count 343
# of start ts
 w1 672, hashmap 0, # of stop ts: 342
merging finished!
stop ts tcp len: 342, actual_stop_ts len: 342
Latency results start: 342
155.951609ms, 606.425528ms, 956.809642ms, 1.307193902s, 1.657578152s, 2.007961832s, 2.358347762s, 2.708731966s, 3.0591184s, 3.409507639s, 3.759894041s, 4.110279914s, 4.460665966s, 4.811055237s, 5.161460774s, 5.511847027s, 5.862235322s, 6.212623301s, 6.563009362s, 6.913398057s, 7.263781677s, 7.614167348s, 7.964554106s, 8.31494089s, 8.665335231s, 9.015753808s, 9.366137745s, 9.716522603s, 10.066912319s, 10.41729694s, 10.767686752s, 11.118076136s, 150.218899ms, 500.602982ms, 850.991802ms, 1.201377616s, 1.551763365s, 1.902152316s, 2.252543197s, 2.602930617s, 2.953314543s, 3.303699104s, 3.654084481s, 4.004473946s, 4.354858777s, 4.705242008s, 5.05562531s, 5.40601098s, 5.756397414s, 6.106789899s, 6.457177178s, 6.807564103s, 7.157947954s, 7.508332303s, 7.858715855s, 8.209104205s, 8.559496914s, 8.909885179s, 9.260272686s, 9.610649439s, 9.961034699s, 10.311421306s, 10.661810589s, 11.012195742s, 11.362598401s, 11.712985338s, 12.063371079s, 12.41375574s, 12.7641406s, 13.114526976s, 13.464910578s, 13.815300671s, 14.165687923s, 14.516071875s, 14.866460652s, 15.216849034s, 15.567237898s, 15.917621725s, 16.268006802s, 16.618395327s, 16.968779643s, 17.319187464s, 17.669573465s, 18.019961595s, 18.370345692s, 18.720731874s, 19.071122324s, 19.421507115s, 19.771897857s, 20.122282813s, 20.472669054s, 20.82306356s, 21.173453173s, 21.523838089s, 21.874222003s, 22.224605621s, 11.362637672s, 11.713026147s, 12.063412605s, 12.413797693s, 12.764182707s, 13.114566796s, 13.464950212s, 13.81533602s, 14.165721271s, 14.516104887s, 14.866492645s, 15.216878338s, 15.567265325s, 15.917649393s, 16.268035839s, 16.618420985s, 16.968804294s, 17.319188512s, 17.669572236s, 18.019959839s, 18.370343616s, 18.720727988s, 19.071117804s, 19.421504422s, 19.771891701s, 20.122276057s, 20.472659543s, 20.823045788s, 21.17343025s, 21.523819156s, 21.874203766s, 22.224586482s, 22.574984621s, 22.925370313s, 23.275758385s, 23.62614259s, 23.976527328s, 24.326912574s, 24.677295329s, 25.027679211s, 25.37806766s, 25.728451215s, 26.078862841s, 26.429249778s, 26.779635324s, 27.130018167s, 27.480402275s, 27.8308113s, 28.181203871s, 28.531589712s, 28.881975571s, 29.232359262s, 29.582746189s, 29.933130909s, 30.28351687s, 30.633906474s, 30.98429287s, 31.33468208s, 31.685068844s, 32.035453067s, 32.38583991s, 32.736222861s, 33.086606267s, 33.436991933s, 22.57499432s, 22.925381068s, 23.275767693s, 23.626155902s, 23.976539283s, 24.326924314s, 24.677308532s, 25.027693977s, 25.378082018s, 25.728466425s, 26.078853851s, 26.429241993s, 26.779631539s, 27.130016533s, 27.480401234s, 27.830785546s, 28.181172973s, 28.531559798s, 28.881945881s, 29.232331296s, 29.582717401s, 29.933103365s, 30.28349143s, 30.633875715s, 30.984262793s, 31.334646705s, 31.685029761s, 32.035416514s, 32.385818887s, 32.736204222s, 33.086593222s, 33.436978331s, 33.787380587s, 34.13776529s, 34.488149266s, 34.83853472s, 35.188933672s, 35.539321412s, 35.889707903s, 36.240091914s, 36.590475485s, 36.940860466s, 37.291247098s, 37.641630238s, 37.992015845s, 38.342400841s, 38.692793985s, 39.043177264s, 39.393561666s, 39.743945626s, 40.094330932s, 40.444719615s, 40.795104691s, 41.145488141s, 41.495874517s, 41.846268362s, 42.196656105s, 42.54704158s, 42.897427605s, 43.247812544s, 43.598199159s, 43.948586428s, 44.298972246s, 44.649357648s, 33.787413437s, 34.137800573s, 34.488183551s, 34.838567437s, 35.188953497s, 35.539340052s, 35.889728623s, 36.240111981s, 36.59049666s, 36.940880764s, 37.291268253s, 37.641658821s, 37.992046562s, 38.342431759s, 38.69281638s, 39.043200686s, 39.393585586s, 39.743971883s, 40.094356104s, 40.444739615s, 40.795127173s, 41.145513764s, 41.495903175s, 41.846289455s, 42.196675299s, 42.547058833s, 42.897448277s, 43.247834606s, 43.598225894s, 43.948613119s, 44.298997682s, 44.649387858s, 44.999786629s, 45.350169976s, 45.700552878s, 46.050940666s, 46.401328229s, 46.751713844s, 47.102089388s, 47.452474795s, 47.802861022s, 48.1532444s, 48.503627793s, 48.854033948s, 49.204417739s, 49.554803108s, 49.905191776s, 50.255579776s, 50.605966069s, 50.956351825s, 51.306736997s, 51.657121963s, 52.007506784s, 52.357896361s, 52.708282325s, 53.05866626s, 53.409054453s, 53.7594418s, 54.109829199s, 54.460218024s, 54.81060269s, 55.160991347s, 55.511376021s, 55.861759758s, 44.999757209s, 45.350143334s, 45.700527997s, 46.050911749s, 46.401297383s, 46.75168403s, 47.102068714s, 47.452451966s, 47.802837515s, 48.153221299s, 48.503605869s, 48.853996293s, 49.204385585s, 49.554769114s, 49.905158093s, 50.255544101s, 50.605927847s, 50.956314073s, 51.306698584s, 51.657082577s, 52.007467131s, 52.357853604s, 52.70823961s, 53.05862584s, 53.409010776s, 53.759394889s, 54.109781028s, 54.460165076s, 54.810551579s, 55.160935675s, 55.51131834s, 55.861704505s, 56.21210695s, 56.562490402s, 56.912889878s, 57.263274522s, 57.613659368s, 57.964042826s, 58.314426337s, 58.664813875s, 59.015202369s, 59.365610507s, 59.715998787s, 60.066386801s, 60.416772294s, 60.767159635s, 61.117547531s, 61.467934008s, 61.818324205s, 62.168708312s, 62.519092261s, 62.869480966s, 63.219868805s, 63.570276858s, 
Latency results end
avg processing time 1 is 30.066691354s
30.01 OVERALL RX 4.27 TX 2.13
30.01 OVERALL RX 6.40 TX 3.20
30.01 OVERALL RX 4.27 TX 2.13
30.01 OVERALL RX 6.40 TX 3.20
30.01 OVERALL RX 6.40 TX 3.20
30.01 OVERALL RX 6.40 TX 3.20
