Going to start with configuration Configuration: name: \n=========== Running P2P ============\n mempool size: 2047 core cache: 32 primary core: 1
 Ports:
	Port 0000:01:00.1 RXQ_Count: 1 RX_Queues: [ 5 ] TXQ_Count: 1 TX_Queues: 5 RXD: 128 TXD: 128 Loopback false
	Port 0000:01:00.0 RXQ_Count: 1 RX_Queues: [ 4 ] TXQ_Count: 1 TX_Queues: 4 RXD: 128 TXD: 128 Loopback false
Cores:
	4
	5

EAL: Probing VFIO support...
Running on node 0
Devname: "0000:01:00.1"
EAL: PCI device 0000:01:00.1 on NUMA socket -1
EAL:   Invalid NUMA socket, default to 0
EAL:   probe driver: 8086:1583 net_i40e
Going to try and use port 0
Devname: "0000:01:00.0"
EAL: PCI device 0000:01:00.0 on NUMA socket -1
EAL:   Invalid NUMA socket, default to 0
EAL:   probe driver: 8086:1583 net_i40e
Going to try and use port 1
Running on node 0
Running on node 0
Receiving port f8:f2:1e:2e:9c:51 rxq 0 txq 0
Running 1 pipelines
Starting scheduler on 5
Receiving port f8:f2:1e:2e:9c:50 rxq 0 txq 0
Running 1 pipelines
Starting scheduler on 4
0 OVERALL RX 0.00 TX 0.00 CYCLE_PER_DELAY 0 0 0
DEBUG: workload parsing done
torrent is : "4MLinux-30.1-32bit.iso.torrent"
torrent is : "arcolinux-v19.10.1.iso.torrent"
torrent is : "blackbuntu-1.0.1-20191001-gnome-amd64.iso.torrent"
torrent is : "CentOS-6.10-i386-bin-DVD1to2.torrent"
torrent is : "CentOS-6.10-i386-LiveDVD.torrent"
torrent is : "CentOS-6.10-i386-minimal.torrent"
torrent is : "CentOS-6.10-i386-netinstall.torrent"
torrent is : "CentOS-6.10-x86_64-bin-DVD1to2.torrent"
torrent is : "CentOS-6.10-x86_64-LiveDVD.torrent"
torrent is : "CentOS-6.10-x86_64-minimal.torrent"
torrent is : "CentOS-6.10-x86_64-netinstall.torrent"
torrent is : "CentOS-7-x86_64-DVD-1908.torrent"
torrent is : "CentOS-7-x86_64-Everything-1908.torrent"
torrent is : "CentOS-7-x86_64-LiveGNOME-1908.torrent"
torrent is : "CentOS-7-x86_64-LiveKDE-1908.torrent"
torrent is : "CentOS-7-x86_64-Minimal-1908.torrent"
torrent is : "CentOS-7-x86_64-NetInstall-1908.torrent"
torrent is : "CentOS-8-aarch64-1905-boot.torrent"
torrent is : "CentOS-8-aarch64-1905-dvd1.torrent"
torrent is : "CentOS-8-ppc64le-1905-boot.torrent"
torrent is : "CentOS-8-ppc64le-1905-dvd1.torrent"
torrent is : "CentOS-8-x86_64-1905-boot.torrent"
torrent is : "CentOS-8-x86_64-1905-dvd1.torrent"
torrent is : "CentOS-Stream-aarch64-boot.torrent"
torrent is : "CentOS-Stream-aarch64-dvd1.torrent"
torrent is : "CentOS-Stream-ppc64le-boot.torrent"
torrent is : "CentOS-Stream-ppc64le-dvd1.torrent"
torrent is : "CentOS-Stream-x86_64-boot.torrent"
torrent is : "CentOS-Stream-x86_64-dvd1.torrent"
torrent is : "coreos_production_iso_image.iso.torrent"
torrent is : "debian-10.1.0-amd64-DVD-1.iso.torrent"
torrent is : "debian-10.1.0-amd64-DVD-2.iso.torrent"
torrent is : "debian-10.1.0-amd64-DVD-3.iso.torrent"
torrent is : "debian-10.1.0-amd64-i386-netinst.iso.torrent"
torrent is : "debian-10.1.0-amd64-xfce-CD-1.iso.torrent"
torrent is : "debian-10.1.0-arm64-DVD-1.iso.torrent"
torrent is : "debian-10.1.0-arm64-netinst.iso.torrent"
torrent is : "debian-10.1.0-arm64-xfce-CD-1.iso.torrent"
torrent is : "debian-10.1.0-armel-DVD-1.iso.torrent"
torrent is : "debian-10.1.0-armel-netinst.iso.torrent"
torrent is : "debian-10.1.0-armel-xfce-CD-1.iso.torrent"
torrent is : "debian-10.1.0-armhf-DVD-1.iso.torrent"
torrent is : "debian-10.1.0-armhf-netinst.iso.torrent"
torrent is : "debian-10.1.0-armhf-xfce-CD-1.iso.torrent"
torrent is : "debian-10.1.0-i386-DVD-1.iso.torrent"
torrent is : "debian-10.1.0-i386-DVD-2.iso.torrent"
torrent is : "debian-10.1.0-i386-DVD-3.iso.torrent"
torrent is : "debian-10.1.0-i386-netinst.iso.torrent"
torrent is : "debian-10.1.0-i386-xfce-CD-1.iso.torrent"
torrent is : "debian-10.1.0-mips-DVD-1.iso.torrent"
torrent is : "debian-10.1.0-mips-netinst.iso.torrent"
torrent is : "debian-10.1.0-mips-xfce-CD-1.iso.torrent"
torrent is : "debian-10.1.0-mips64el-DVD-1.iso.torrent"
torrent is : "debian-10.1.0-mips64el-netinst.iso.torrent"
torrent is : "debian-10.1.0-mips64el-xfce-CD-1.iso.torrent"
torrent is : "debian-10.1.0-mipsel-DVD-1.iso.torrent"
torrent is : "debian-10.1.0-mipsel-netinst.iso.torrent"
torrent is : "debian-10.1.0-mipsel-xfce-CD-1.iso.torrent"
torrent is : "debian-10.1.0-ppc64el-DVD-1.iso.torrent"
torrent is : "debian-10.1.0-ppc64el-netinst.iso.torrent"
torrent is : "debian-10.1.0-ppc64el-xfce-CD-1.iso.torrent"
torrent is : "debian-10.1.0-s390x-DVD-1.iso.torrent"
torrent is : "debian-10.1.0-s390x-netinst.iso.torrent"
torrent is : "debian-10.1.0-s390x-xfce-CD-1.iso.torrent"
torrent is : "debian-10.2.0-amd64-DVD-1.iso.torrent"
torrent is : "debian-10.2.0-amd64-DVD-2.iso.torrent"
torrent is : "debian-10.2.0-amd64-DVD-3.iso.torrent"
torrent is : "debian-10.2.0-amd64-i386-netinst.iso.torrent"
torrent is : "debian-10.2.0-amd64-netinst.iso.torrent"
torrent is : "debian-10.2.0-amd64-xfce-CD-1.iso.torrent"
torrent is : "debian-10.2.0-arm64-DVD-1.iso.torrent"
torrent is : "debian-10.2.0-arm64-netinst.iso.torrent"
torrent is : "debian-10.2.0-arm64-xfce-CD-1.iso.torrent"
torrent is : "debian-10.2.0-armel-DVD-1.iso.torrent"
torrent is : "debian-10.2.0-armel-netinst.iso.torrent"
torrent is : "debian-10.2.0-armel-xfce-CD-1.iso.torrent"
torrent is : "debian-10.2.0-armhf-DVD-1.iso.torrent"
torrent is : "debian-10.2.0-armhf-netinst.iso.torrent"
torrent is : "debian-10.2.0-armhf-xfce-CD-1.iso.torrent"
torrent is : "debian-10.2.0-i386-DVD-1.iso.torrent"
torrent is : "debian-10.2.0-i386-DVD-2.iso.torrent"
torrent is : "debian-10.2.0-i386-DVD-3.iso.torrent"
torrent is : "debian-10.2.0-i386-netinst.iso.torrent"
torrent is : "debian-10.2.0-i386-xfce-CD-1.iso.torrent"
torrent is : "debian-10.2.0-mips-DVD-1.iso.torrent"
torrent is : "debian-10.2.0-mips-netinst.iso.torrent"
torrent is : "debian-10.2.0-mips-xfce-CD-1.iso.torrent"
torrent is : "debian-10.2.0-mips64el-DVD-1.iso.torrent"
torrent is : "debian-10.2.0-mips64el-netinst.iso.torrent"
torrent is : "debian-10.2.0-mips64el-xfce-CD-1.iso.torrent"
torrent is : "debian-10.2.0-mipsel-DVD-1.iso.torrent"
torrent is : "debian-10.2.0-mipsel-netinst.iso.torrent"
torrent is : "debian-10.2.0-mipsel-xfce-CD-1.iso.torrent"
torrent is : "debian-10.2.0-ppc64el-DVD-1.iso.torrent"
torrent is : "debian-10.2.0-ppc64el-netinst.iso.torrent"
torrent is : "debian-10.2.0-ppc64el-xfce-CD-1.iso.torrent"
torrent is : "debian-10.2.0-s390x-DVD-1.iso.torrent"
torrent is : "debian-10.2.0-s390x-netinst.iso.torrent"
torrent is : "debian-10.2.0-s390x-xfce-CD-1.iso.torrent"
torrent is : "debian-10.2.0-source-DVD-1.iso.torrent"
torrent is : "debian-10.2.0-source-DVD-2.iso.torrent"
torrent is : "debian-10.2.0-source-DVD-3.iso.torrent"
torrent is : "debian-10.2.0-source-DVD-4.iso.torrent"
torrent is : "debian-10.2.0-source-DVD-5.iso.torrent"
torrent is : "debian-10.2.0-source-DVD-6.iso.torrent"
torrent is : "debian-10.2.0-source-DVD-7.iso.torrent"
torrent is : "debian-10.2.0-source-DVD-8.iso.torrent"
torrent is : "debian-10.2.0-source-DVD-9.iso.torrent"
torrent is : "debian-10.2.0-source-DVD-10.iso.torrent"
torrent is : "debian-10.2.0-source-DVD-11.iso.torrent"
torrent is : "debian-10.2.0-source-DVD-12.iso.torrent"
torrent is : "debian-10.2.0-source-DVD-13.iso.torrent"
torrent is : "debian-10.2.0-source-DVD-14.iso.torrent"
torrent is : "debian-edu-10.1.0-amd64-netinst.iso.torrent"
torrent is : "debian-edu-10.1.0-i386-netinst.iso.torrent"
torrent is : "debian-edu-10.2.0-amd64-BD-1.iso.torrent"
torrent is : "debian-edu-10.2.0-amd64-netinst.iso.torrent"
torrent is : "debian-edu-10.2.0-i386-BD-1.iso.torrent"
torrent is : "debian-edu-10.2.0-i386-netinst.iso.torrent"
torrent is : "debian-mac-10.1.0-amd64-netinst.iso.torrent"
torrent is : "debian-mac-10.1.0-i386-netinst.iso.torrent"
torrent is : "debian-mac-10.2.0-amd64-netinst.iso.torrent"
torrent is : "debian-mac-10.2.0-i386-netinst.iso.torrent"
torrent is : "Fedora-Astronomy_KDE-Live-i386-29.torrent"
torrent is : "Fedora-Astronomy_KDE-Live-i386-30.torrent"
torrent is : "Fedora-Astronomy_KDE-Live-x86_64-30.torrent"
torrent is : "Fedora-Astronomy_KDE-Live-x86_64-31.torrent"
torrent is : "Fedora-Astronomy_KDE-Live-x86_64-31_Beta.torrent"
torrent is : "Fedora-Cinnamon-Live-i386-29.torrent"
torrent is : "Fedora-Cinnamon-Live-i386-30.torrent"
torrent is : "Fedora-Cinnamon-Live-x86_64-29.torrent"
torrent is : "Fedora-Cinnamon-Live-x86_64-30.torrent"
torrent is : "Fedora-Cinnamon-Live-x86_64-31.torrent"
torrent is : "Fedora-Cinnamon-Live-x86_64-31_Beta.torrent"
torrent is : "Fedora-Design_suite-Live-i386-30.torrent"
torrent is : "Fedora-Design_suite-Live-x86_64-31.torrent"
torrent is : "Fedora-Design_suite-Live-x86_64-31_Beta.torrent"
torrent is : "Fedora-Games-Live-i386-30.torrent"
torrent is : "Fedora-Games-Live-x86_64-30.torrent"
torrent is : "Fedora-Jam_KDE-Live-i386-29.torrent"
torrent is : "Fedora-Jam_KDE-Live-x86_64-29.torrent"
torrent is : "Fedora-KDE-Live-i386-29.torrent"
torrent is : "Fedora-KDE-Live-i386-30.torrent"
torrent is : "Fedora-KDE-Live-x86_64-29.torrent"
torrent is : "Fedora-KDE-Live-x86_64-30.torrent"
torrent is : "Fedora-KDE-Live-x86_64-31.torrent"
torrent is : "Fedora-KDE-Live-x86_64-31_Beta.torrent"
torrent is : "Fedora-LXDE-Live-i386-29.torrent"
torrent is : "Fedora-LXDE-Live-i386-30.torrent"
torrent is : "Fedora-LXDE-Live-x86_64-29.torrent"
torrent is : "Fedora-LXDE-Live-x86_64-31.torrent"
torrent is : "Fedora-LXDE-Live-x86_64-31_Beta.torrent"
torrent is : "Fedora-LXQt-Live-i386-30.torrent"
torrent is : "Fedora-LXQt-Live-x86_64-30.torrent"
torrent is : "Fedora-LXQt-Live-x86_64-31.torrent"
torrent is : "Fedora-LXQt-Live-x86_64-31_Beta.torrent"
torrent is : "Fedora-MATE_Compiz-Live-i386-30.torrent"
torrent is : "Fedora-MATE_Compiz-Live-x86_64-29.torrent"
torrent is : "Fedora-MATE_Compiz-Live-x86_64-30.torrent"
torrent is : "Fedora-MATE_Compiz-Live-x86_64-31.torrent"
torrent is : "Fedora-MATE_Compiz-Live-x86_64-31_Beta.torrent"
torrent is : "Fedora-Python-Classroom-Live-i386-30.torrent"
torrent is : "Fedora-Python-Classroom-Live-x86_64-31.torrent"
torrent is : "Fedora-Python-Classroom-Live-x86_64-31_Beta.torrent"
torrent is : "Fedora-Robotics-Live-x86_64-31.torrent"
torrent is : "Fedora-Scientific_KDE-Live-x86_64-29.torrent"
torrent is : "Fedora-Scientific_KDE-Live-x86_64-30.torrent"
torrent is : "Fedora-Security-Live-i386-30.torrent"
torrent is : "Fedora-Security-Live-x86_64-30.torrent"
torrent is : "Fedora-Security-Live-x86_64-31.torrent"
torrent is : "Fedora-Security-Live-x86_64-31_Beta.torrent"
torrent is : "Fedora-Server-dvd-aarch64-29.torrent"
torrent is : "Fedora-Server-dvd-aarch64-30.torrent"
torrent is : "Fedora-Server-dvd-aarch64-31.torrent"
torrent is : "Fedora-Server-dvd-aarch64-31_Beta.torrent"
torrent is : "Fedora-Server-dvd-armhfp-29.torrent"
torrent is : "Fedora-Server-dvd-armhfp-30.torrent"
torrent is : "Fedora-Server-dvd-armhfp-31.torrent"
torrent is : "Fedora-Server-dvd-armhfp-31_Beta.torrent"
torrent is : "Fedora-Server-dvd-i386-29.torrent"
torrent is : "Fedora-Server-dvd-i386-30.torrent"
torrent is : "Fedora-Server-dvd-ppc64le-29.torrent"
torrent is : "Fedora-Server-dvd-ppc64le-30.torrent"
torrent is : "Fedora-Server-dvd-ppc64le-31.torrent"
torrent is : "Fedora-Server-dvd-ppc64le-31_Beta.torrent"
torrent is : "Fedora-Server-dvd-s390x-29.torrent"
torrent is : "Fedora-Server-dvd-s390x-30.torrent"
torrent is : "Fedora-Server-dvd-s390x-31.torrent"
torrent is : "Fedora-Server-dvd-s390x-31_Beta.torrent"
torrent is : "Fedora-Server-dvd-x86_64-29.torrent"
torrent is : "Fedora-Server-dvd-x86_64-30.torrent"
torrent is : "Fedora-Server-dvd-x86_64-31.torrent"
torrent is : "Fedora-Server-dvd-x86_64-31_Beta.torrent"
torrent is : "Fedora-Silverblue-ostree-aarch64-31.torrent"
torrent is : "Fedora-Silverblue-ostree-aarch64-31_Beta.torrent"
torrent is : "Fedora-Silverblue-ostree-ppc64le-31.torrent"
torrent is : "Fedora-Silverblue-ostree-ppc64le-31_Beta.torrent"
torrent is : "Fedora-Silverblue-ostree-x86_64-29.torrent"
torrent is : "Fedora-Silverblue-ostree-x86_64-30.torrent"
torrent is : "Fedora-Silverblue-ostree-x86_64-31.torrent"
Nothing in the work queue, waiting for 30 seconds
30.01 OVERALL RX 1.07 TX 0.00
Nothing in the work queue, waiting for 30 seconds
