Going to start with configuration Configuration: name:  =========== Running ZCSI NAT ============   mempool size: 2047 core cache: 32 primary core: 1
 Ports:
	Port 0000:01:00.0 RXQ_Count: 1 RX_Queues: [ 4 ] TXQ_Count: 1 TX_Queues: 4 RXD: 128 TXD: 128 Loopback false
	Port 0000:01:00.1 RXQ_Count: 1 RX_Queues: [ 5 ] TXQ_Count: 1 TX_Queues: 5 RXD: 128 TXD: 128 Loopback false
Cores:
	4
	5

EAL: Probing VFIO support...
Running on node 0
Devname: "0000:01:00.0"
EAL: PCI device 0000:01:00.0 on NUMA socket -1
EAL:   Invalid NUMA socket, default to 0
EAL:   probe driver: 8086:1583 net_i40e
Going to try and use port 0
Devname: "0000:01:00.1"
EAL: PCI device 0000:01:00.1 on NUMA socket -1
EAL:   Invalid NUMA socket, default to 0
EAL:   probe driver: 8086:1583 net_i40e
Going to try and use port 1
Running on node 0
Running on node 0
Receiving started
Receiving started
Running 1 pipelines
Starting scheduler on 4
Running 1 pipelines
Starting scheduler on 5
30.00 OVERALL RX 92932.45 TX 0.00
pkt count 5575867
# of start ts
 w1 5575867, hashmap 5575866, # of stop ts: 0
30.00 OVERALL RX 92909.41 TX 0.00
merging finished!
stop ts matched len: 0, actual_stop_ts len: 5575866
Latency results start: 5575866
sorting and then type casting done
Group 0, mean: 144.85899781197486, std dev: 13.092758754793094
Group 1, mean: 214.64453531331958, std dev: 40.44618933760503
Group 2, mean: 435.17079163528, std dev: 56.11569371204209
Group 3, mean: 613.3171742171482, std dev: 66.86071075003296
Group 4, mean: 831.2889988880503, std dev: 60.19121640763869
Group 5, mean: 1057.3983822949212, std dev: 63.54655573550053
Group 6, mean: 1271.7946124322907, std dev: 61.90615048028685
Group 7, mean: 1462.4659062376888, std dev: 46.38286700372427
Group 8, mean: 1589.99964130707, std dev: 24.279212031993403
Group 9, mean: 1663.8972703468635, std dev: 22.742682638224274
Group 10, mean: 1775.2130815309013, std dev: 42.86533158056274
Group 11, mean: 1919.7742745435717, std dev: 35.57795822947099
Group 12, mean: 2052.1528569891248, std dev: 45.37394061340469
Group 13, mean: 2210.2507980917635, std dev: 42.589896177461945
Group 14, mean: 2373.1498439685515, std dev: 52.34616791274545
Group 15, mean: 2550.1585781412577, std dev: 51.221054856097105
Group 16, mean: 2735.8468201872533, std dev: 52.781385760909735
Group 17, mean: 2903.3329925750363, std dev: 43.472452046832295
Group 18, mean: 3046.237329172454, std dev: 41.90442350829108
Group 19, mean: 3195.4522938412347, std dev: 42.25491300177499
Group 20, mean: 3344.4021844399085, std dev: 45.35587154841763
Group 21, mean: 3503.0640087521265, std dev: 45.5973228585939
Group 22, mean: 3668.497220129866, std dev: 49.50203364210925
Group 23, mean: 3839.630725635779, std dev: 50.69124006510608
Group 24, mean: 4020.580078195073, std dev: 51.89438546061369
Group 25, mean: 4194.5986226191735, std dev: 48.616706070610164
Group 26, mean: 4360.244897593193, std dev: 48.04820683011347
Group 27, mean: 4527.867014598772, std dev: 48.53996994063934
Group 28, mean: 4698.681086122142, std dev: 49.52598290982838
Group 29, mean: 4871.104397575206, std dev: 50.771276658405206
Group 30, mean: 5050.094407977305, std dev: 52.19499191070556
Group 31, mean: 5234.182431220661, std dev: 53.84942700672383
Group 32, mean: 5419.419060941966, std dev: 52.8457587256718
Group 33, mean: 5600.012733598823, std dev: 51.518259733292204
Group 34, mean: 5780.819433982545, std dev: 52.687411608712374
Group 35, mean: 5964.433480397388, std dev: 53.4538640298921
Group 36, mean: 6150.065425589206, std dev: 54.28957564487093
Group 37, mean: 6341.445819433987, std dev: 56.335076064967055
Group 38, mean: 6537.111714910894, std dev: 56.701276847439615
Group 39, mean: 6733.127999569579, std dev: 56.0177306274255
Group 40, mean: 6927.099537286118, std dev: 56.53548078273883
Group 41, mean: 7123.12202733242, std dev: 56.67439117979447
Group 42, mean: 7320.32702033787, std dev: 56.90796873637979
Group 43, mean: 7519.7894651888955, std dev: 58.56066450526278
Group 44, mean: 7725.514275978344, std dev: 60.231443801354494
Group 45, mean: 7935.957010653145, std dev: 60.77483590794188
Group 46, mean: 8145.911438717297, std dev: 61.08093058512386
Group 47, mean: 8358.112288819539, std dev: 61.78835732145867
Group 48, mean: 8571.058520750496, std dev: 61.12200293012368
Group 49, mean: 8784.852487535443, std dev: 62.122779778299396
Group 50, mean: 9003.703289214081, std dev: 64.2375607776268
Group 51, mean: 9226.577208651817, std dev: 64.28296903465393
Group 52, mean: 9449.750995372948, std dev: 65.20370483268812
Group 53, mean: 9677.84377129741, std dev: 66.06214395222565
Group 54, mean: 9906.332095842785, std dev: 66.10367936223503
Group 55, mean: 10137.88763944188, std dev: 67.92398222460152
Group 56, mean: 10374.737777538681, std dev: 69.20540549254373
Group 57, mean: 10613.974730083735, std dev: 69.41912483676238
Group 58, mean: 10857.375246601452, std dev: 70.85623510550849
Group 59, mean: 11103.408407762185, std dev: 70.79362510594027
Group 60, mean: 11350.075989095685, std dev: 71.98136378358562
Group 61, mean: 11602.99996413067, std dev: 73.83900734978432
Group 62, mean: 11860.527511747177, std dev: 74.9898163476752
Group 63, mean: 12121.984307184532, std dev: 76.20656765620143
Group 64, mean: 12385.778327773645, std dev: 76.04190083282487
Group 65, mean: 12651.491283761983, std dev: 77.48230461500353
Group 66, mean: 12922.674324760519, std dev: 78.79556586223786
Group 67, mean: 13199.14297499916, std dev: 80.4647518484454
Group 68, mean: 13482.873166182359, std dev: 82.63583455561299
Group 69, mean: 13771.210481007241, std dev: 83.69695147831811
Group 70, mean: 14065.89303777042, std dev: 86.1116921497279
Group 71, mean: 14367.021969941692, std dev: 88.00883518645016
Group 72, mean: 14676.451217762433, std dev: 90.20287914592734
Group 73, mean: 14991.184296423826, std dev: 91.1908771042365
Group 74, mean: 15311.902955629803, std dev: 93.84750347664581
Group 75, mean: 15643.552996879456, std dev: 97.53509302760438
Group 76, mean: 15987.816600308443, std dev: 100.96613306318253
Group 77, mean: 16341.727985221929, std dev: 103.73912492224817
Group 78, mean: 16707.507909178672, std dev: 107.46162956880397
Group 79, mean: 17089.54496215772, std dev: 112.78842084962838
Group 80, mean: 17486.81021557455, std dev: 116.54432915058061
Group 81, mean: 17899.35533914418, std dev: 121.61993057200735
Group 82, mean: 18332.734190609463, std dev: 129.36068186054436
Group 83, mean: 18789.650651027834, std dev: 133.9501861405261
Group 84, mean: 19267.319380178407, std dev: 141.53736908129446
Group 85, mean: 19777.675185623695, std dev: 152.54482454207275
Group 86, mean: 20318.138060906098, std dev: 160.50786928863346
Group 87, mean: 20895.2363786363, std dev: 173.59484030425708
Group 88, mean: 21519.230944438266, std dev: 186.4335578074342
Group 89, mean: 22190.71702715307, std dev: 202.90230098783127
Group 90, mean: 22920.08045482238, std dev: 219.55933392047555
Group 91, mean: 23724.134402238236, std dev: 244.23048825113582
Group 92, mean: 24612.622278417464, std dev: 271.25741067683236
Group 93, mean: 25600.37298683607, std dev: 301.2448979624274
Group 94, mean: 26732.34337673527, std dev: 348.97011527951554
Group 95, mean: 28047.320886688794, std dev: 411.31381552248837
Group 96, mean: 29612.991803866746, std dev: 496.0001964756238
Group 97, mean: 31560.580921123557, std dev: 634.8897304432737
Group 98, mean: 34195.07337063794, std dev: 917.2594808034733
Group 99, mean: 38980.20725277078, std dev: 2398.1378525356845
Group 100, mean: 57697.72727272727, std dev: 2624.2847086716474
Stat, min: 80.0, max: 67240.0, mean: 10756.986436546875, median: 8893.0, std: 8339.526347973911
Stat, 75%iles: 15476.0, 90%iles: 22549.0, 95%iles: 27356.0

Latency results end
