Going to start with configuration Configuration: name: \n=========== Running RDR Proxy============\n mempool size: 2047 core cache: 32 primary core: 1
 Ports:
	Port 0000:01:00.0 RXQ_Count: 1 RX_Queues: [ 2 ] TXQ_Count: 1 TX_Queues: 2 RXD: 128 TXD: 128 Loopback false
	Port 0000:01:00.1 RXQ_Count: 1 RX_Queues: [ 3 ] TXQ_Count: 1 TX_Queues: 3 RXD: 128 TXD: 128 Loopback false
Cores:
	2
	3
	4
	5
	6
	7
	8
	9
	10
	11

EAL: Probing VFIO support...
Running on node 0
Devname: "0000:01:00.0"
EAL: PCI device 0000:01:00.0 on NUMA socket -1
EAL:   Invalid NUMA socket, default to 0
EAL:   probe driver: 8086:1583 net_i40e
Going to try and use port 0
Devname: "0000:01:00.1"
EAL: PCI device 0000:01:00.1 on NUMA socket -1
EAL:   Invalid NUMA socket, default to 0
EAL:   probe driver: 8086:1583 net_i40e
Going to try and use port 1
EAL: pthread_setaffinity_np failed
Running on node 0
Running on node 0
Running on node 0
Running on node 0
EAL: pthread_setaffinity_np failed
EAL: pthread_setaffinity_np failed
Running on node 0
Running on node 0
EAL: pthread_setaffinity_np failed
Running on node 0
EAL: pthread_setaffinity_np failed
Running on node 0
Running on node 0
EAL: pthread_setaffinity_np failed
Running 0 pipelines
Running on node 0
Running 0 pipelines
Receiving port f8:f2:1e:2e:9c:51 rxq 0 txq 0
Running 0 pipelines
Receiving port f8:f2:1e:2e:9c:50 rxq 0 txq 0
Starting scheduler on 5
Running 0 pipelines
Running 0 pipelines
Running 1 pipelines
Running 1 pipelines
Running 0 pipelines
Starting scheduler on 9
Running 0 pipelines
Running 0 pipelines
Starting scheduler on 7
Starting scheduler on 3
Starting scheduler on 10
Starting scheduler on 11
Starting scheduler on 6
Starting scheduler on 2
Starting scheduler on 4
Starting scheduler on 8
0 OVERALL RX 0.00 TX 0.00 CYCLE_PER_DELAY 0 0 0
hostname: "www.networkadvertising.org"
hostname: "lefigaro.fr"
hostname: "www.lefigaro.fr"
hostname: "www.buydomains.com"
hostname: "wikia.com"
30.01 OVERALL RX 653.97 TX 635.68
