
Pkt #2582310255 is Vacant

And the flow is: Flow { src_ip: 3223256437, dst_ip: 180932078, src_port: 59295, dst_port: 443, proto: 6 }
Previous one is: Flow { src_ip: 180932078, dst_ip: 3223256437, src_port: 443, dst_port: 59295, proto: 6 }
current flow is a new flow, we should invoke the reassemble function for the previous flow


Exam the flow: Flow { src_ip: 180932078, dst_ip: 3223256437, src_port: 443, dst_port: 59295, proto: 6 }

Occupied, start parsing

TLS packet match handshake!

Message { typ: Handshake, version: TLSv1_0, payload: Opaque(Payload([1, 0, 1, 252, 3, 3, 124, 247, 156, 215, 73, 59, 228, 146, 127, 124, 189, 62, 163, 56, 189, 26, 201, 140, 200, 245, 69, 214, 60, 60, 53, 24, 16, 16, 7, 110, 221, 108, 32, 10, 229, 112, 220, 191, 46, 140, 141, 118, 110, 215, 191, 87, 251, 61, 12, 26, 243, 248, 214, 28, 19, 43, 166, 184, 243, 241, 114, 29, 112, 187, 91, 0, 40, 192, 44, 192, 43, 192, 36, 192, 35, 192, 10, 192, 9, 204, 169, 192, 48, 192, 47, 192, 40, 192, 39, 192, 20, 192, 19, 204, 168, 0, 157, 0, 156, 0, 61, 0, 60, 0, 53, 0, 47, 1, 0, 1, 139, 255, 1, 0, 1, 0, 0, 0, 0, 19, 0, 17, 0, 0, 14, 97, 112, 105, 46, 103, 105, 116, 104, 117, 98, 46, 99, 111, 109, 0, 23, 0, 0, 0, 13, 0, 20, 0, 18, 4, 3, 8, 4, 4, 1, 5, 3, 8, 5, 5, 1, 8, 6, 6, 1, 2, 1, 0, 5, 0, 5, 1, 0, 0, 0, 0, 51, 116, 0, 0, 0, 18, 0, 0, 0, 16, 0, 48, 0, 46, 2, 104, 50, 5, 104, 50, 45, 49, 54, 5, 104, 50, 45, 49, 53, 5, 104, 50, 45, 49, 52, 8, 115, 112, 100, 121, 47, 51, 46, 49, 6, 115, 112, 100, 121, 47, 51, 8, 104, 116, 116, 112, 47, 49, 46, 49, 0, 11, 0, 2, 1, 0, 0, 10, 0, 10, 0, 8, 0, 29, 0, 23, 0, 24, 0, 25, 0, 21, 0, 246, 0, 0, 0, 0, 0, 0, 0, 0, 0, 0, 0, 0, 0, 0, 0, 0, 0, 0, 0, 0, 0, 0, 0, 0, 0, 0, 0, 0, 0, 0, 0, 0, 0, 0, 0, 0, 0, 0, 0, 0, 0, 0, 0, 0, 0, 0, 0, 0, 0, 0, 0, 0, 0, 0, 0, 0, 0, 0, 0, 0, 0, 0, 0, 0, 0, 0, 0, 0, 0, 0, 0, 0, 0, 0, 0, 0, 0, 0, 0, 0, 0, 0, 0, 0, 0, 0, 0, 0, 0, 0, 0, 0, 0, 0, 0, 0, 0, 0, 0, 0, 0, 0, 0, 0, 0, 0, 0, 0, 0, 0, 0, 0, 0, 0, 0, 0, 0, 0, 0, 0, 0, 0, 0, 0, 0, 0, 0, 0, 0, 0, 0, 0, 0, 0, 0, 0, 0, 0, 0, 0, 0, 0, 0, 0, 0, 0, 0, 0, 0, 0, 0, 0, 0, 0, 0, 0, 0, 0, 0, 0, 0, 0, 0, 0, 0, 0, 0, 0, 0, 0, 0, 0, 0, 0, 0, 0, 0, 0, 0, 0, 0, 0, 0, 0, 0, 0, 0, 0, 0, 0, 0, 0, 0, 0, 0, 0, 0, 0, 0, 0, 0, 0, 0, 0, 0, 0, 0, 0, 0, 0, 0, 0, 0, 0, 0, 0, 0, 0, 0, 0, 0, 0, 0, 0, 0, 0, 0, 0, 0, 0, 0, 0, 0, 0, 0, 0, 0, 0, 0, 0, 0, 0, 0, 0, 0, 0])) }

  1: Has allocated a new buffer:
    2: packet recv for untracked flow did not have a syn flag, skipped

 ************************************************
      3: Packet match handshake!

Message { typ: Handshake, version: TLSv1_2, payload: Opaque(Payload([2, 0, 0, 108, 3, 3, 123, 80, 231, 54, 142, 234, 178, 199, 23, 22, 163, 52, 107, 183, 225, 34, 150, 9, 214, 184, 242, 26, 131, 38, 68, 79, 87, 78, 71, 82, 68, 1, 32, 50, 168, 137, 170, 87, 124, 140, 75, 191, 53, 219, 243, 215, 215, 101, 223, 51, 18, 187, 252, 208, 174, 131, 148, 109, 92, 73, 153, 151, 139, 216, 218, 192, 47, 0, 0, 36, 255, 1, 0, 1, 0, 0, 0, 0, 0, 0, 11, 0, 4, 3, 0, 1, 2, 0, 16, 0, 11, 0, 9, 8, 104, 116, 116, 112, 47, 49, 46, 49, 0, 23, 0, 0])) }

      4: This packet is inserted


//////////////////////////////////////////////////////////////////////



TCP Headers: tcp src_port 443 dst_port 59295 seq 2582311679 ack 1251343644 data_offset 8 flags | ACK |cwnd 29 csum 1062 urgent 0

Pkt #2582311679 is Occupied!

And the flow is: Flow { src_ip: 3223256437, dst_ip: 180932078, src_port: 59295, dst_port: 443, proto: 6 }
Previous one is: Flow { src_ip: 3223256437, dst_ip: 180932078, src_port: 59295, dst_port: 443, proto: 6 }
flow and prev flow are the same


There is nothing, that is why we should insert the packet!!!

Inserted


//////////////////////////////////////////////////////////////////////

//////////////////////////////////////////////////////////////////////


TCP Headers: tcp src_port 443 dst_port 59295 seq 2582313103 ack 1251343644 data_offset 8 flags | ACK PSH |cwnd 29 csum 59711 urgent 0

Pkt #2582313103 is Occupied!

And the flow is: Flow { src_ip: 3223256437, dst_ip: 180932078, src_port: 59295, dst_port: 443, proto: 6 }
Previous one is: Flow { src_ip: 3223256437, dst_ip: 180932078, src_port: 59295, dst_port: 443, proto: 6 }
flow and prev flow are the same


There is nothing, that is why we should insert the packet!!!

Inserted


//////////////////////////////////////////////////////////////////////

//////////////////////////////////////////////////////////////////////

//////////////////////////////////////////////////////////////////////


TCP Headers: tcp src_port 59295 dst_port 443 seq 1251343644 ack 2582313541 data_offset 8 flags | ACK PSH |cwnd 4096 csum 16926 urgent 0

Pkt #1251343644 is Occupied!

And the flow is: Flow { src_ip: 180932078, dst_ip: 3223256437, src_port: 443, dst_port: 59295, proto: 6 }
Previous one is: Flow { src_ip: 3223256437, dst_ip: 180932078, src_port: 59295, dst_port: 443, proto: 6 }
current flow is a new flow, we should invoke the reassemble function for the previous flow


Exam the flow: Flow { src_ip: 3223256437, dst_ip: 180932078, src_port: 59295, dst_port: 443, proto: 6 }

Occupied, parsing payload

TLS packet match handshake!

Message { typ: Handshake, version: TLSv1_2, payload: Opaque(Payload([2, 0, 0, 108, 3, 3, 123, 80, 231, 54, 142, 234, 178, 199, 23, 22, 163, 52, 107, 183, 225, 34, 150, 9, 214, 184, 242, 26, 131, 38, 68, 79, 87, 78, 71, 82, 68, 1, 32, 50, 168, 137, 170, 87, 124, 140, 75, 191, 53, 219, 243, 215, 215, 101, 223, 51, 18, 187, 252, 208, 174, 131, 148, 109, 92, 73, 153, 151, 139, 216, 218, 192, 47, 0, 0, 36, 255, 1, 0, 1, 0, 0, 0, 0, 0, 0, 11, 0, 4, 3, 0, 1, 2, 0, 16, 0, 11, 0, 9, 8, 104, 116, 116, 112, 47, 49, 46, 49, 0, 23, 0, 0])) }

Packet match handshake!
Message { typ: Handshake, version: TLSv1_2, payload: Opaque(Payload([16, 0, 0, 33, 32, 178, 39, 74, 244, 57, 247, 177, 8, 162, 87, 193, 169, 170, 26, 111, 218, 182, 95, 1, 226, 243, 154, 146, 231, 160, 110, 59, 135, 32, 27, 15, 54])) }
Inserted



